Found 13 source folders
Matched 01-τáöτ⌐╢τöƒΦÇâΦ»òσ┐ùµä┐
  Files: ['µ┤╗σè¿Φç¬µïì.jpg', 'Φ»üΣ╣ª.jpg', 'Φ»┤µÿÄ.txt']
  UNMATCHED: µ┤╗σè¿Φç¬µïì.jpg
  UNMATCHED: Φ»üΣ╣ª.jpg
Matched 02-σìùµ₧ùµ¿▒Φè▒Φèé
  Files: ['µ┤╗σè¿τàºτëç1.jpg', 'µ┤╗σè¿τàºτëç2.jpg', 'Φ»üΣ╣ª.jpg', 'Φ»┤µÿÄ.txt']
  UNMATCHED: µ┤╗σè¿τàºτëç1.jpg
  UNMATCHED: µ┤╗σè¿τàºτëç2.jpg
  UNMATCHED: Φ»üΣ╣ª.jpg
Matched 03-σƒÄσ╕éµûçµÿÄτñ║Φîâσ▓ù
  Files: ['µ┤╗σè¿τàºτëç1.jpg', 'µ┤╗σè¿τàºτëç2.jpg', 'Φ»üΣ╣ª.jpg', 'Φ»┤µÿÄ.txt']
  UNMATCHED: µ┤╗σè¿τàºτëç1.jpg
  UNMATCHED: µ┤╗σè¿τàºτëç2.jpg
  UNMATCHED: Φ»üΣ╣ª.jpg
Multiple matches for 04-, picked 04-鐖卞績绛戞ⅵ闈掔泭鍗椾含 with 2 jpgs
  Files: ['娲诲姩鐓х墖.jpg', '璇佷功.jpg', '璇存槑.txt']
  UNMATCHED: 娲诲姩鐓х墖.jpg
  UNMATCHED: 璇佷功.jpg
Multiple matches for 05-, picked 05-ΘçæΘÖ╡STYLE with 1 jpgs
  Files: ['µ┤╗σè¿Φç¬µïì.jpg']
  UNMATCHED: µ┤╗σè¿Φç¬µïì.jpg
Matched 06-ΘçæΘ╛ƒσ¡ÉΦë║µ£»Φèé
  Files: ['Φ»üΣ╣ª.jpg', 'Φ»┤µÿÄ.txt']
  UNMATCHED: Φ»üΣ╣ª.jpg
Matched 07-σ¢╜ΘÖàµáçσçåΦê₧
  Files: ['µ┤╗σè¿τàºτëç1.jpg', 'µ┤╗σè¿τàºτëç2.jpg', 'Φ»üΣ╣ª.jpg', 'Φ»┤µÿÄ.txt']
  UNMATCHED: µ┤╗σè¿τàºτëç1.jpg
  UNMATCHED: µ┤╗σè¿τàºτëç2.jpg
  UNMATCHED: Φ»üΣ╣ª.jpg
Matched 08-閾跺煄鑺卞洯绀惧尯
  Files: ['璇佷功.jpg', '璇存槑.txt']
  UNMATCHED: 璇佷功.jpg
Matched 09-ΦïÅΦ╢àσìèσå│Φ╡¢
  Files: ['σ┐ùµä┐σ░ÅΘÿƒσ£¿Σ╜ôΦé▓σ£║σÉêτàº.jpg', 'Φ»üΣ╣ª.jpg', 'Φ»┤µÿÄ.txt']
  UNMATCHED: σ┐ùµä┐σ░ÅΘÿƒσ£¿Σ╜ôΦé▓σ£║σÉêτàº.jpg
  UNMATCHED: Φ»üΣ╣ª.jpg
Matched 10-ΦïÅΦ╢àµÇ╗σå│Φ╡¢
  Files: ['µ┤╗σè¿σÉêτàº.jpg', 'Φ»üΣ╣ª.jpg', 'Φ»┤µÿÄ.txt']
  UNMATCHED: µ┤╗σè¿σÉêτàº.jpg
  UNMATCHED: Φ»üΣ╣ª.jpg
Matched 11-σìùΣ║¼Θ⌐¼µïëµ¥╛
  Files: ['µ┤╗σè¿τàºτëç1.jpg', 'µ┤╗σè¿τàºτëç2.jpg', 'Φ»üΣ╣ª.jpg', 'Φ»┤µÿÄ.txt']
  UNMATCHED: µ┤╗σè¿τàºτëç1.jpg
  UNMATCHED: µ┤╗σè¿τàºτëç2.jpg
  UNMATCHED: Φ»üΣ╣ª.jpg